// Jest Snapshot v1, https://goo.gl/fbAQLP

exports[`throws an error when passed something besides a string 1`] = `"Word can't be null or undefined."`;
